//
// Note - This file was automatically generated
// Generation spawned by 'class me.alanfoster.camelry.codegen.ScalateGenerator$'
// Creation Date - 11 August 2013
// Please do not manually modify this class.
//
package foo.bar;

import com.intellij.util.xml.*;
import com.intellij.util.xml.DomElement;
import org.jetbrains.annotations.*;
import java.util.List;


/**
 * @author Alan
 */
//@SubTag("logger")
public interface Logger extends DomElement  {
                    @NotNull
        GenericAttributeValue<LoggingLevel> getLoggingLevelAttribute();
    
    
    
                /**
         * Returns the current DomElement value.
         * Originally named as LoggingLevelValue
         */
        @Required
        @NotNull
        LoggingLevel getValue();
        /**
         * Sets the current DomElement value.
         * Originally named as LoggingLevelValue
         */
        LoggingLevel setValue();
    }