//
// Note - This file was automatically generated
// Generation spawned by 'class me.alanfoster.camelry.codegen.ScalateGenerator$'
// Creation Date - ${injectedDate}
// Please do not manually modify this class.
//
package foo.bar;

import com.intellij.util.xml.*;
import com.intellij.util.xml.DomElement;
import org.jetbrains.annotations.*;
import java.util.List;


/**
 * @author Alan
 */
//@SubTag("manager")
public interface Manager extends Person, DomElement  {
            
        @Required
                @NotNull
        GenericAttributeValue<Integer> getExtraAttribute();
    
        
        
        @SubTag("extraHouse")
                Address getExtraHouse();
    
    }