//
// Note - This file was automatically generated
// Generation spawned by 'class me.alanfoster.camelry.codegen.ScalateGenerator$'
// Creation Date - ${injectedDate}
// Please do not manually modify this class.
//
package foo.bar;

import com.intellij.util.xml.*;
import com.intellij.util.xml.DomElement;
import org.jetbrains.annotations.*;
import java.util.List;


/**
 * @author Alan
 */
//@SubTag("personDatabase")
public interface PersonDatabase extends DomElement  {
    
        
        
        @SubTags("people")
                List<Person> getPeople();
        
        
        @SubTags("names")
                List<String> getPeopleFirstNames();
        
        
        @SubTags("xxx", "yyy")
                List<Person> getPersonListXmlElements();
        
        
        @SubTags("person", "manager")
                List<Person> getPeopleRefList();
        
        
        @SubTag("person", "manager")
                Person getPeopleRefSingle();
    
    }